08:03:44 **** Build of project SolarMotorPlatform ****
buildplatform.bat 57232 SolarMotorPlatform  
XSDB Server Channel: tcfchan#1
Reading the platform  : "SolarMotorPlatform"
Building the BSP Library for domain  - standalone_domain on processor microblaze_0
make --no-print-directory seq_libs

"Running Make include in microblaze_0/libsrc/bram_v4_5/src"

make -C microblaze_0/libsrc/bram_v4_5/src -s include  "SHELL=CMD" "COMPILER=mb-gcc" "ASSEMBLER=mb-as" "ARCHIVER=mb-ar" "COMPILE
R_FLAGS=  -O2 -c -mcpu=v11.0 -mlittle-endian -mxl-soft-mul" "EXTRA_COMPILER_FLAGS=-g -ffunction-sections -fdata-sections -Wall 
-Wextra"

"Running Make include in microblaze_0/libsrc/cpu_v2_12/src"

make -C microblaze_0/libsrc/cpu_v2_12/src -s include  "SHELL=CMD" "COMPILER=mb-gcc" "ASSEMBLER=mb-as" "ARCHIVER=mb-ar" "COMPILE
R_FLAGS=  -O2 -c -mcpu=v11.0 -mlittle-endian -mxl-soft-mul" "EXTRA_COMPILER_FLAGS=-g -ffunction-sections -fdata-sections -Wall 
-Wextra"

"Running Make include in microblaze_0/libsrc/gpio_v4_7/src"

make -C microblaze_0/libsrc/gpio_v4_7/src -s include  "SHELL=CMD" "COMPILER=mb-gcc" "ASSEMBLER=mb-as" "ARCHIVER=mb-ar" "COMPILE
R_FLAGS=  -O2 -c -mcpu=v11.0 -mlittle-endian -mxl-soft-mul" "EXTRA_COMPILER_FLAGS=-g -ffunction-sections -fdata-sections -Wall 
-Wextra"

"Running Make include in microblaze_0/libsrc/intc_v3_12/src"

make -C microblaze_0/libsrc/intc_v3_12/src -s include  "SHELL=CMD" "COMPILER=mb-gcc" "ASSEMBLER=mb-as" "ARCHIVER=mb-ar" "COMPIL
ER_FLAGS=  -O2 -c -mcpu=v11.0 -mlittle-endian -mxl-soft-mul" "EXTRA_COMPILER_FLAGS=-g -ffunction-sections -fdata-sections -Wall
 -Wextra"

"Running Make include in microblaze_0/libsrc/nexys4io_v1_0/src"

make -C microblaze_0/libsrc/nexys4io_v1_0/src -s include  "SHELL=CMD" "COMPILER=mb-gcc" "ASSEMBLER=mb-as" "ARCHIVER=mb-ar" "COM
PILER_FLAGS=  -O2 -c -mcpu=v11.0 -mlittle-endian -mxl-soft-mul" "EXTRA_COMPILER_FLAGS=-g -ffunction-sections -fdata-sections -W
all -Wextra"

"Running Make include in microblaze_0/libsrc/PmodENC544_v1_0/src"

make -C microblaze_0/libsrc/PmodENC544_v1_0/src -s include  "SHELL=CMD" "COMPILER=mb-gcc" "ASSEMBLER=mb-as" "ARCHIVER=mb-ar" "C
OMPILER_FLAGS=  -O2 -c -mcpu=v11.0 -mlittle-endian -mxl-soft-mul" "EXTRA_COMPILER_FLAGS=-g -ffunction-sections -fdata-sections 
-Wall -Wextra"

"Running Make include in microblaze_0/libsrc/PmodOLEDrgb_v1_0/src"

make -C microblaze_0/libsrc/PmodOLEDrgb_v1_0/src -s include  "SHELL=CMD" "COMPILER=mb-gcc" "ASSEMBLER=mb-as" "ARCHIVER=mb-ar" "
COMPILER_FLAGS=  -O2 -c -mcpu=v11.0 -mlittle-endian -mxl-soft-mul" "EXTRA_COMPILER_FLAGS=-g -ffunction-sections -fdata-sections
 -Wall -Wextra"

"Running Make include in microblaze_0/libsrc/PWM_v1_0/src"

make -C microblaze_0/libsrc/PWM_v1_0/src -s include  "SHELL=CMD" "COMPILER=mb-gcc" "ASSEMBLER=mb-as" "ARCHIVER=mb-ar" "COMPILER
_FLAGS=  -O2 -c -mcpu=v11.0 -mlittle-endian -mxl-soft-mul" "EXTRA_COMPILER_FLAGS=-g -ffunction-sections -fdata-sections -Wall -
Wextra"

"Running Make include in microblaze_0/libsrc/standalone_v7_3/src"

make -C microblaze_0/libsrc/standalone_v7_3/src -s include  "SHELL=CMD" "COMPILER=mb-gcc" "ASSEMBLER=mb-as" "ARCHIVER=mb-ar" "C
OMPILER_FLAGS=  -O2 -c -mcpu=v11.0 -mlittle-endian -mxl-soft-mul" "EXTRA_COMPILER_FLAGS=-g -ffunction-sections -fdata-sections 
-Wall -Wextra"

"Running Make include in microblaze_0/libsrc/tmrctr_v4_7/src"

make -C microblaze_0/libsrc/tmrctr_v4_7/src -s include  "SHELL=CMD" "COMPILER=mb-gcc" "ASSEMBLER=mb-as" "ARCHIVER=mb-ar" "COMPI
LER_FLAGS=  -O2 -c -mcpu=v11.0 -mlittle-endian -mxl-soft-mul" "EXTRA_COMPILER_FLAGS=-g -ffunction-sections -fdata-sections -Wal
l -Wextra"

"Running Make include in microblaze_0/libsrc/uartlite_v3_5/src"

make -C microblaze_0/libsrc/uartlite_v3_5/src -s include  "SHELL=CMD" "COMPILER=mb-gcc" "ASSEMBLER=mb-as" "ARCHIVER=mb-ar" "COM
PILER_FLAGS=  -O2 -c -mcpu=v11.0 -mlittle-endian -mxl-soft-mul" "EXTRA_COMPILER_FLAGS=-g -ffunction-sections -fdata-sections -W
all -Wextra"

"Running Make include in microblaze_0/libsrc/wdttb_v5_1/src"

make -C microblaze_0/libsrc/wdttb_v5_1/src -s include  "SHELL=CMD" "COMPILER=mb-gcc" "ASSEMBLER=mb-as" "ARCHIVER=mb-ar" "COMPIL
ER_FLAGS=  -O2 -c -mcpu=v11.0 -mlittle-endian -mxl-soft-mul" "EXTRA_COMPILER_FLAGS=-g -ffunction-sections -fdata-sections -Wall
 -Wextra"

"Running Make libs in microblaze_0/libsrc/nexys4io_v1_0/src"

make -C microblaze_0/libsrc/nexys4io_v1_0/src -s libs  "SHELL=CMD" "COMPILER=mb-gcc" "ASSEMBLER=mb-as" "ARCHIVER=mb-ar" "COMPIL
ER_FLAGS=  -O2 -c -mcpu=v11.0 -mlittle-endian -mxl-soft-mul" "EXTRA_COMPILER_FLAGS=-g -ffunction-sections -fdata-sections -Wall
 -Wextra"

"Compiling nexys4IO..."

"Running Make libs in microblaze_0/libsrc/PmodENC544_v1_0/src"

make -C microblaze_0/libsrc/PmodENC544_v1_0/src -s libs  "SHELL=CMD" "COMPILER=mb-gcc" "ASSEMBLER=mb-as" "ARCHIVER=mb-ar" "COMP
ILER_FLAGS=  -O2 -c -mcpu=v11.0 -mlittle-endian -mxl-soft-mul" "EXTRA_COMPILER_FLAGS=-g -ffunction-sections -fdata-sections -Wa
ll -Wextra"

"Compiling PmodENC544"

PmodENC544.c: In function 'PMODENC544_initialize':
PmodENC544.c:23:20: warning: comparison between pointer and integer
   23 |     if (baseaddr_p == NULL) {
      |                    ^~
PmodENC544_selftest.c: In function 'PMODENC544_Reg_SelfTest':
PmodENC544_selftest.c:53:59: warning: comparison of integer expressions of different signedness: 'u32' {aka 'long unsigned int'} and 'int' [-Wsign-compare]
   53 |    if ( PMODENC544_mReadReg (baseaddr, read_loop_index*4) != (read_loop_index+1)*READ_WRITE_MUL_FACTOR){
      |                                                           ^~
PmodENC544_selftest.c:37:6: warning: unused variable 'Index' [-Wunused-variable]
   37 |  int Index;
      |      ^~~~~
"Running Make libs in microblaze_0/libsrc/PmodOLEDrgb_v1_0/src"

make -C microblaze_0/libsrc/PmodOLEDrgb_v1_0/src -s libs  "SHELL=CMD" "COMPILER=mb-gcc" "ASSEMBLER=mb-as" "ARCHIVER=mb-ar" "COM
PILER_FLAGS=  -O2 -c -mcpu=v11.0 -mlittle-endian -mxl-soft-mul" "EXTRA_COMPILER_FLAGS=-g -ffunction-sections -fdata-sections -W
all -Wextra"

"Compiling PmodOLEDrgb..."

PmodOLEDrgb_selftest.c: In function 'PMODOLEDRGB_Reg_SelfTest':
PmodOLEDrgb_selftest.c:52:60: warning: comparison of integer expressions of different signedness: 'u32' {aka 'long unsigned int'} and 'int' [-Wsign-compare]
   52 |    if ( PMODOLEDRGB_mReadReg (baseaddr, read_loop_index*4) != (read_loop_index+1)*READ_WRITE_MUL_FACTOR){
      |                                                            ^~
PmodOLEDrgb_selftest.c:36:6: warning: unused variable 'Index' [-Wunused-variable]
   36 |  int Index;
      |      ^~~~~
"Running Make libs in microblaze_0/libsrc/PWM_v1_0/src"

make -C microblaze_0/libsrc/PWM_v1_0/src -s libs  "SHELL=CMD" "COMPILER=mb-gcc" "ASSEMBLER=mb-as" "ARCHIVER=mb-ar" "COMPILER_FL
AGS=  -O2 -c -mcpu=v11.0 -mlittle-endian -mxl-soft-mul" "EXTRA_COMPILER_FLAGS=-g -ffunction-sections -fdata-sections -Wall -Wex
tra"

"Compiling PWM..."

PWM_selftest.c: In function 'PWM_Reg_SelfTest':
PWM_selftest.c:52:52: warning: comparison of integer expressions of different signedness: 'u32' {aka 'long unsigned int'} and 'int' [-Wsign-compare]
   52 |    if ( PWM_mReadReg (baseaddr, read_loop_index*4) != (read_loop_index+1)*READ_WRITE_MUL_FACTOR){
      |                                                    ^~
PWM_selftest.c:36:6: warning: unused variable 'Index' [-Wunused-variable]
   36 |  int Index;
      |      ^~~~~
'Finished building libraries sequentially.'

make -j --no-print-directory par_libs

"Running Make include in microblaze_0/libsrc/bram_v4_5/src"

"Running Make include in microblaze_0/libsrc/cpu_v2_12/src"

make -C microblaze_0/libsrc/bram_v4_5/src -s include  "SHELL=CMD" "COMPILER=mb-gcc" "ASSEMBLER=mb-as" "ARCHIVER=mb-ar" "COMPILE
R_FLAGS=  -O2 -c -mcpu=v11.0 -mlittle-endian -mxl-soft-mul" "EXTRA_COMPILER_FLAGS=-g -ffunction-sections -fdata-sections -Wall 
-Wextra"

"Running Make include in microblaze_0/libsrc/gpio_v4_7/src"

make -C microblaze_0/libsrc/cpu_v2_12/src -s include  "SHELL=CMD" "COMPILER=mb-gcc" "ASSEMBLER=mb-as" "ARCHIVER=mb-ar" "COMPILE
R_FLAGS=  -O2 -c -mcpu=v11.0 -mlittle-endian -mxl-soft-mul" "EXTRA_COMPILER_FLAGS=-g -ffunction-sections -fdata-sections -Wall 
-Wextra"

make -C microblaze_0/libsrc/gpio_v4_7/src -s include  "SHELL=CMD" "COMPILER=mb-gcc" "ASSEMBLER=mb-as" "ARCHIVER=mb-ar" "COMPILE
R_FLAGS=  -O2 -c -mcpu=v11.0 -mlittle-endian -mxl-soft-mul" "EXTRA_COMPILER_FLAGS=-g -ffunction-sections -fdata-sections -Wall 
-Wextra"

"Running Make include in microblaze_0/libsrc/intc_v3_12/src"

make -C microblaze_0/libsrc/intc_v3_12/src -s include  "SHELL=CMD" "COMPILER=mb-gcc" "ASSEMBLER=mb-as" "ARCHIVER=mb-ar" "COMPIL
ER_FLAGS=  -O2 -c -mcpu=v11.0 -mlittle-endian -mxl-soft-mul" "EXTRA_COMPILER_FLAGS=-g -ffunction-sections -fdata-sections -Wall
 -Wextra"

"Running Make include in microblaze_0/libsrc/nexys4io_v1_0/src"

"Running Make include in microblaze_0/libsrc/PmodENC544_v1_0/src"

make -C microblaze_0/libsrc/nexys4io_v1_0/src -s include  "SHELL=CMD" "COMPILER=mb-gcc" "ASSEMBLER=mb-as" "ARCHIVER=mb-ar" "COM
PILER_FLAGS=  -O2 -c -mcpu=v11.0 -mlittle-endian -mxl-soft-mul" "EXTRA_COMPILER_FLAGS=-g -ffunction-sections -fdata-sections -W
all -Wextra"

"Running Make include in microblaze_0/libsrc/PmodOLEDrgb_v1_0/src"

make -C microblaze_0/libsrc/PmodENC544_v1_0/src -s include  "SHELL=CMD" "COMPILER=mb-gcc" "ASSEMBLER=mb-as" "ARCHIVER=mb-ar" "C
OMPILER_FLAGS=  -O2 -c -mcpu=v11.0 -mlittle-endian -mxl-soft-mul" "EXTRA_COMPILER_FLAGS=-g -ffunction-sections -fdata-sections 
-Wall -Wextra"

make -C microblaze_0/libsrc/PmodOLEDrgb_v1_0/src -s include  "SHELL=CMD" "COMPILER=mb-gcc" "ASSEMBLER=mb-as" "ARCHIVER=mb-ar" "
COMPILER_FLAGS=  -O2 -c -mcpu=v11.0 -mlittle-endian -mxl-soft-mul" "EXTRA_COMPILER_FLAGS=-g -ffunction-sections -fdata-sections
 -Wall -Wextra"

"Running Make include in microblaze_0/libsrc/PWM_v1_0/src"

make -C microblaze_0/libsrc/PWM_v1_0/src -s include  "SHELL=CMD" "COMPILER=mb-gcc" "ASSEMBLER=mb-as" "ARCHIVER=mb-ar" "COMPILER
_FLAGS=  -O2 -c -mcpu=v11.0 -mlittle-endian -mxl-soft-mul" "EXTRA_COMPILER_FLAGS=-g -ffunction-sections -fdata-sections -Wall -
Wextra"

"Running Make include in microblaze_0/libsrc/standalone_v7_3/src"

"Running Make include in microblaze_0/libsrc/tmrctr_v4_7/src"

make -C microblaze_0/libsrc/standalone_v7_3/src -s include  "SHELL=CMD" "COMPILER=mb-gcc" "ASSEMBLER=mb-as" "ARCHIVER=mb-ar" "C
OMPILER_FLAGS=  -O2 -c -mcpu=v11.0 -mlittle-endian -mxl-soft-mul" "EXTRA_COMPILER_FLAGS=-g -ffunction-sections -fdata-sections 
-Wall -Wextra"

"Running Make include in microblaze_0/libsrc/uartlite_v3_5/src"

make -C microblaze_0/libsrc/tmrctr_v4_7/src -s include  "SHELL=CMD" "COMPILER=mb-gcc" "ASSEMBLER=mb-as" "ARCHIVER=mb-ar" "COMPI
LER_FLAGS=  -O2 -c -mcpu=v11.0 -mlittle-endian -mxl-soft-mul" "EXTRA_COMPILER_FLAGS=-g -ffunction-sections -fdata-sections -Wal
l -Wextra"

make -C microblaze_0/libsrc/uartlite_v3_5/src -s include  "SHELL=CMD" "COMPILER=mb-gcc" "ASSEMBLER=mb-as" "ARCHIVER=mb-ar" "COM
PILER_FLAGS=  -O2 -c -mcpu=v11.0 -mlittle-endian -mxl-soft-mul" "EXTRA_COMPILER_FLAGS=-g -ffunction-sections -fdata-sections -W
all -Wextra"

"Running Make include in microblaze_0/libsrc/wdttb_v5_1/src"

make -C microblaze_0/libsrc/wdttb_v5_1/src -s include  "SHELL=CMD" "COMPILER=mb-gcc" "ASSEMBLER=mb-as" "ARCHIVER=mb-ar" "COMPIL
ER_FLAGS=  -O2 -c -mcpu=v11.0 -mlittle-endian -mxl-soft-mul" "EXTRA_COMPILER_FLAGS=-g -ffunction-sections -fdata-sections -Wall
 -Wextra"

"Running Make libs in microblaze_0/libsrc/bram_v4_5/src"

"Running Make libs in microblaze_0/libsrc/cpu_v2_12/src"

make -C microblaze_0/libsrc/bram_v4_5/src -s libs  "SHELL=CMD" "COMPILER=mb-gcc" "ASSEMBLER=mb-as" "ARCHIVER=mb-ar" "COMPILER_F
LAGS=  -O2 -c -mcpu=v11.0 -mlittle-endian -mxl-soft-mul" "EXTRA_COMPILER_FLAGS=-g -ffunction-sections -fdata-sections -Wall -We
xtra"

make -C microblaze_0/libsrc/cpu_v2_12/src -s libs  "SHELL=CMD" "COMPILER=mb-gcc" "ASSEMBLER=mb-as" "ARCHIVER=mb-ar" "COMPILER_F
LAGS=  -O2 -c -mcpu=v11.0 -mlittle-endian -mxl-soft-mul" "EXTRA_COMPILER_FLAGS=-g -ffunction-sections -fdata-sections -Wall -We
xtra"

"Running Make libs in microblaze_0/libsrc/gpio_v4_7/src"

make -C microblaze_0/libsrc/gpio_v4_7/src -s libs  "SHELL=CMD" "COMPILER=mb-gcc" "ASSEMBLER=mb-as" "ARCHIVER=mb-ar" "COMPILER_F
LAGS=  -O2 -c -mcpu=v11.0 -mlittle-endian -mxl-soft-mul" "EXTRA_COMPILER_FLAGS=-g -ffunction-sections -fdata-sections -Wall -We
xtra"

"Running Make libs in microblaze_0/libsrc/intc_v3_12/src"

make -C microblaze_0/libsrc/intc_v3_12/src -s libs  "SHELL=CMD" "COMPILER=mb-gcc" "ASSEMBLER=mb-as" "ARCHIVER=mb-ar" "COMPILER_
FLAGS=  -O2 -c -mcpu=v11.0 -mlittle-endian -mxl-soft-mul" "EXTRA_COMPILER_FLAGS=-g -ffunction-sections -fdata-sections -Wall -W
extra"

"Running Make libs in microblaze_0/libsrc/standalone_v7_3/src"

"Running Make libs in microblaze_0/libsrc/tmrctr_v4_7/src"

make -C microblaze_0/libsrc/standalone_v7_3/src -s libs  "SHELL=CMD" "COMPILER=mb-gcc" "ASSEMBLER=mb-as" "ARCHIVER=mb-ar" "COMP
ILER_FLAGS=  -O2 -c -mcpu=v11.0 -mlittle-endian -mxl-soft-mul" "EXTRA_COMPILER_FLAGS=-g -ffunction-sections -fdata-sections -Wa
ll -Wextra"

"Running Make libs in microblaze_0/libsrc/uartlite_v3_5/src"

make -C microblaze_0/libsrc/tmrctr_v4_7/src -s libs  "SHELL=CMD" "COMPILER=mb-gcc" "ASSEMBLER=mb-as" "ARCHIVER=mb-ar" "COMPILER
_FLAGS=  -O2 -c -mcpu=v11.0 -mlittle-endian -mxl-soft-mul" "EXTRA_COMPILER_FLAGS=-g -ffunction-sections -fdata-sections -Wall -
Wextra"

make -C microblaze_0/libsrc/uartlite_v3_5/src -s libs  "SHELL=CMD" "COMPILER=mb-gcc" "ASSEMBLER=mb-as" "ARCHIVER=mb-ar" "COMPIL
ER_FLAGS=  -O2 -c -mcpu=v11.0 -mlittle-endian -mxl-soft-mul" "EXTRA_COMPILER_FLAGS=-g -ffunction-sections -fdata-sections -Wall
 -Wextra"

"Running Make libs in microblaze_0/libsrc/wdttb_v5_1/src"

make -C microblaze_0/libsrc/wdttb_v5_1/src -s libs  "SHELL=CMD" "COMPILER=mb-gcc" "ASSEMBLER=mb-as" "ARCHIVER=mb-ar" "COMPILER_
FLAGS=  -O2 -c -mcpu=v11.0 -mlittle-endian -mxl-soft-mul" "EXTRA_COMPILER_FLAGS=-g -ffunction-sections -fdata-sections -Wall -W
extra"

'Finished building libraries parallelly.'

make --no-print-directory archive

mb-ar -r  microblaze_0/lib/libxil.a microblaze_0/lib/xwdttb_g.o microblaze_0/lib/xplatform_info.o microblaze_0/lib/xuartlite.o 
microblaze_0/lib/microblaze_disable_exceptions.o microblaze_0/lib/print.o microblaze_0/lib/xtmrctr_options.o microblaze_0/lib/_
exit.o microblaze_0/lib/xil_testio.o microblaze_0/lib/microblaze_disable_dcache.o microblaze_0/lib/microblaze_flush_dcache_rang
e.o microblaze_0/lib/xuartlite_sinit.o microblaze_0/lib/microblaze_flush_cache_ext.o microblaze_0/lib/xwdttb_config.o microblaz
e_0/lib/xbram_sinit.o microblaze_0/lib/xwdttb.o microblaze_0/lib/xil_misc_psreset_api.o microblaze_0/lib/xil_cache.o microblaze
_0/lib/xil_util.o microblaze_0/lib/inbyte.o microblaze_0/lib/xintc_intr.o microblaze_0/lib/xuartlite_stats.o microblaze_0/lib/m
icroblaze_exception_handler.o microblaze_0/lib/xbram_g.o microblaze_0/lib/microblaze_scrub.o microblaze_0/lib/microblaze_invali
date_dcache.o microblaze_0/lib/microblaze_disable_interrupts.o microblaze_0/lib/xbram_selftest.o microblaze_0/lib/microblaze_in
terrupt_handler.o microblaze_0/lib/microblaze_disable_icache.o microblaze_0/lib/xgpio_g.o microblaze_0/lib/xil_mem.o microblaze
_0/lib/microblaze_flush_cache_ext_range.o microblaze_0/lib/xtmrctr_intr.o microblaze_0/lib/xbram_intr.o microblaze_0/lib/xil_sl
eepcommon.o microblaze_0/lib/xil_printf.o microblaze_0/lib/xintc_g.o microblaze_0/lib/xuartlite_g.o microblaze_0/lib/xtmrctr_l.
o microblaze_0/lib/xintc_selftest.o microblaze_0/lib/xintc_l.o microblaze_0/lib/outbyte.o microblaze_0/lib/microblaze_enable_ex
ceptions.o microblaze_0/lib/xgpio_intr.o microblaze_0/lib/microblaze_invalidate_dcache_range.o microblaze_0/lib/microblaze_inva
lidate_cache_ext.o microblaze_0/lib/microblaze_sleep.o microblaze_0/lib/hw_exception_handler.o microblaze_0/lib/xtmrctr.o micro
blaze_0/lib/xuartlite_selftest.o microblaze_0/lib/xgpio_sinit.o microblaze_0/lib/microblaze_update_dcache.o microblaze_0/lib/xi
l_testcache.o microblaze_0/lib/microblaze_selftest.o microblaze_0/lib/microblaze_interrupts_g.o microblaze_0/lib/xio.o microbla
ze_0/lib/xtmrctr_g.o microblaze_0/lib/microblaze_enable_dcache.o microblaze_0/lib/xwdttb_sinit.o microblaze_0/lib/xbram.o micro
blaze_0/lib/microblaze_invalidate_icache_range.o microblaze_0/lib/xtmrctr_selftest.o microblaze_0/lib/microblaze_init_dcache_ra
nge.o microblaze_0/lib/microblaze_invalidate_icache.o microblaze_0/lib/errno.o microblaze_0/lib/xuartlite_l.o microblaze_0/lib/
xintc_options.o microblaze_0/lib/microblaze_invalidate_cache_ext_range.o microblaze_0/lib/xil_exception.o microblaze_0/lib/pvr.
o microblaze_0/lib/xgpio.o microblaze_0/lib/xil_testmem.o microblaze_0/lib/microblaze_update_icache.o microblaze_0/lib/xuartlit
e_intr.o microblaze_0/lib/microblaze_flush_dcache.o microblaze_0/lib/xil_clocking.o microblaze_0/lib/xil_assert.o microblaze_0/
lib/microblaze_enable_interrupts.o microblaze_0/lib/xgpio_extra.o microblaze_0/lib/microblaze_enable_icache.o microblaze_0/lib/
xintc.o microblaze_0/lib/xtmrctr_stats.o microblaze_0/lib/microblaze_init_icache_range.o microblaze_0/lib/xtmrctr_sinit.o micro
blaze_0/lib/xwdttb_selftest.o microblaze_0/lib/fcntl.o microblaze_0/lib/xgpio_selftest.o

'Finished building libraries'

08:03:52 **** Build of configuration Debug for project SolarServoApp ****
make all 
'Building file: ../src/mainPhotoServo.c'
'Invoking: MicroBlaze gcc compiler'
mb-gcc -Wall -O0 -g3 -c -fmessage-length=0 -MT"src/mainPhotoServo.o" -ID:/PSU_Work_and_Textbooks/ECE544/ECE544_ProjFinal/ECE-544-final-project/Vitis_NK/SolarMotorPlatform/export/SolarMotorPlatform/sw/SolarMotorPlatform/standalone_domain/bspinclude/include -mlittle-endian -mcpu=v11.0 -mxl-soft-mul -Wl,--no-relax -ffunction-sections -fdata-sections -MMD -MP -MF"src/mainPhotoServo.d" -MT"src/mainPhotoServo.o" -o "src/mainPhotoServo.o" "../src/mainPhotoServo.c"
'Finished building: ../src/mainPhotoServo.c'
' '
'Building target: SolarServoApp.elf'
'Invoking: MicroBlaze gcc linker'
mb-gcc -Wl,-T -Wl,../src/lscript.ld -LD:/PSU_Work_and_Textbooks/ECE544/ECE544_ProjFinal/ECE-544-final-project/Vitis_NK/SolarMotorPlatform/export/SolarMotorPlatform/sw/SolarMotorPlatform/standalone_domain/bsplib/lib -mlittle-endian -mcpu=v11.0 -mxl-soft-mul -Wl,--no-relax -Wl,--gc-sections -o "SolarServoApp.elf"  ./src/mainPhotoServo.o ./src/platform.o   -Wl,--start-group,-lxil,-lgcc,-lc,--end-group
'Finished building target: SolarServoApp.elf'
' '
'Invoking: MicroBlaze Print Size'
mb-size SolarServoApp.elf  |tee "SolarServoApp.elf.size"
   text	   data	    bss	    dec	    hex	filename
  31748	    404	   3744	  35896	   8c38	SolarServoApp.elf
'Finished building: SolarServoApp.elf.size'
' '
08:03:52 **** Build of configuration Debug for project SolarServoApp_system ****
make all 
Skipping SD card image generation. Reason: "The system project only has applications for microblaze processors."
