18:33:39 **** Incremental Build of configuration Debug for project SolarServoApp ****
make all 
'Building file: ../src/mainPhotoServo.c'
'Invoking: MicroBlaze gcc compiler'
mb-gcc -Wall -O0 -g3 -c -fmessage-length=0 -MT"src/mainPhotoServo.o" -ID:/PSU_Work_and_Textbooks/ECE544/ECE544_ProjFinal/ECE-544-final-project/Vitis_NK/SolarMotorPlatform/export/SolarMotorPlatform/sw/SolarMotorPlatform/standalone_domain/bspinclude/include -mlittle-endian -mcpu=v11.0 -mxl-soft-mul -Wl,--no-relax -ffunction-sections -fdata-sections -MMD -MP -MF"src/mainPhotoServo.d" -MT"src/mainPhotoServo.o" -o "src/mainPhotoServo.o" "../src/mainPhotoServo.c"
'Finished building: ../src/mainPhotoServo.c'
' '
'Building target: SolarServoApp.elf'
'Invoking: MicroBlaze gcc linker'
mb-gcc -Wl,-T -Wl,../src/lscript.ld -LD:/PSU_Work_and_Textbooks/ECE544/ECE544_ProjFinal/ECE-544-final-project/Vitis_NK/SolarMotorPlatform/export/SolarMotorPlatform/sw/SolarMotorPlatform/standalone_domain/bsplib/lib -mlittle-endian -mcpu=v11.0 -mxl-soft-mul -Wl,--no-relax -Wl,--gc-sections -o "SolarServoApp.elf"  ./src/mainPhotoServo.o ./src/platform.o   -Wl,--start-group,-lxil,-lgcc,-lc,--end-group
'Finished building target: SolarServoApp.elf'
' '
'Invoking: MicroBlaze Print Size'
mb-size SolarServoApp.elf  |tee "SolarServoApp.elf.size"
   text	   data	    bss	    dec	    hex	filename
  31620	    404	   3736	  35760	   8bb0	SolarServoApp.elf
'Finished building: SolarServoApp.elf.size'
' '

18:33:39 Build Finished (took 467ms)

