#-----------------------------------------------------------
# Vivado v2020.2 (64-bit)
# SW Build 3064766 on Wed Nov 18 09:12:45 MST 2020
# IP Build 3064653 on Wed Nov 18 14:17:31 MST 2020
# Start of session at: Thu Jun  9 22:06:03 2022
# Process ID: 34456
# Current directory: D:/PSU_Work_and_Textbooks/ECE544/ECE544_ProjFinal/ECE-544-final-project/Photo_Motor_Vivado
# Command line: vivado.exe -gui_launcher_event rodinguilauncherevent33624 D:\PSU_Work_and_Textbooks\ECE544\ECE544_ProjFinal\ECE-544-final-project\Photo_Motor_Vivado\Photo_Motor_Vivado.xpr
# Log file: D:/PSU_Work_and_Textbooks/ECE544/ECE544_ProjFinal/ECE-544-final-project/Photo_Motor_Vivado/vivado.log
# Journal file: D:/PSU_Work_and_Textbooks/ECE544/ECE544_ProjFinal/ECE-544-final-project/Photo_Motor_Vivado\vivado.jou
#-----------------------------------------------------------
start_gui
open_project D:/PSU_Work_and_Textbooks/ECE544/ECE544_ProjFinal/ECE-544-final-project/Photo_Motor_Vivado/Photo_Motor_Vivado.xpr
update_compile_order -fileset sources_1
open_bd_design {D:/PSU_Work_and_Textbooks/ECE544/ECE544_ProjFinal/ECE-544-final-project/Photo_Motor_Vivado/Photo_Motor_Vivado.srcs/sources_1/bd/embsys/embsys.bd}
write_bd_layout -format pdf -orientation portrait D:/PSU_Work_and_Textbooks/ECE544/ECE544_ProjFinal/ECE-544-final-project/Deliverables/embsys.pdf
