Nothing to build in platform 'nexys7_solar_tracker'

20:16:10 **** Incremental Build of configuration Debug for project SolarServoApp_abhi ****
make all 
'Building file: ../src/mainPhotoServo.c'
'Invoking: MicroBlaze gcc compiler'
mb-gcc -Wall -O0 -g3 -c -fmessage-length=0 -MT"src/mainPhotoServo.o" -IC:/vivado_vitis_workspace/ece544/final_project/repo/ECE-544-final-project/vitis_abhi/nexys7_solar_tracker/export/nexys7_solar_tracker/sw/nexys7_solar_tracker/standalone_domain/bspinclude/include -mlittle-endian -mcpu=v11.0 -mxl-soft-mul -Wl,--no-relax -ffunction-sections -fdata-sections -MMD -MP -MF"src/mainPhotoServo.d" -MT"src/mainPhotoServo.o" -o "src/mainPhotoServo.o" "../src/mainPhotoServo.c"
'Finished building: ../src/mainPhotoServo.c'
' '
'Building target: SolarServoApp_abhi.elf'
'Invoking: MicroBlaze gcc linker'
mb-gcc -Wl,-T -Wl,../src/lscript.ld -LC:/vivado_vitis_workspace/ece544/final_project/repo/ECE-544-final-project/vitis_abhi/nexys7_solar_tracker/export/nexys7_solar_tracker/sw/nexys7_solar_tracker/standalone_domain/bsplib/lib -mlittle-endian -mcpu=v11.0 -mxl-soft-mul -Wl,--no-relax -Wl,--gc-sections -o "SolarServoApp_abhi.elf"  ./src/mainPhotoServo.o ./src/platform.o   -Wl,--start-group,-lxil,-lgcc,-lc,--end-group
'Finished building target: SolarServoApp_abhi.elf'
' '
'Invoking: MicroBlaze Print Size'
mb-size SolarServoApp_abhi.elf  |tee "SolarServoApp_abhi.elf.size"
   text	   data	    bss	    dec	    hex	filename
  31620	    404	   3736	  35760	   8bb0	SolarServoApp_abhi.elf
'Finished building: SolarServoApp_abhi.elf.size'
' '
